// Jest Snapshot v1, https://goo.gl/fbAQLP

exports[`renders correctly (matches snapshot) 1`] = `
<div
  className="PropertySearcherForm"
>
  <form
    onSubmit={[Function]}
  >
    <table>
      <tbody>
        <tr>
          <td>
            <label
              htmlFor="loanSize"
            >
              Loan Size
            </label>
          </td>
          <td>
            <input
              id="loanSize"
              name="loanSize"
              onChange={[Function]}
            />
          </td>
          <td>
            <label
              htmlFor="propertyType"
            >
              Property Type
            </label>
          </td>
          <td>
            <select
              id="propertyType"
              name="propertyType"
              onChange={[Function]}
            >
              <option
                value="SingleFamily"
              >
                Single Family
              </option>
              <option
                value="MultiFamily"
              >
                Multi-Family
              </option>
              <option
                value="Condo"
              >
                Condo
              </option>
              <option
                value="Townhouse"
              >
                Townhouse
              </option>
            </select>
          </td>
        </tr>
        <tr>
          <td>
            <label
              htmlFor="creditScore"
            >
              Credit Score
            </label>
          </td>
          <td>
            <input
              id="creditScore"
              name="creditScore"
              onChange={[Function]}
            />
          </td>
          <td>
            <label
              htmlFor="occupancy"
            >
              Occupancy
            </label>
          </td>
          <td>
            <select
              id="occupancy"
              name="occupancy"
              onChange={[Function]}
            >
              <option
                value="Primary"
              >
                Primary
              </option>
              <option
                value="Secondary"
              >
                Secondary
              </option>
              <option
                value="Investment"
              >
                Investment
              </option>
            </select>
          </td>
        </tr>
        <tr>
          <td
            colSpan="4"
          >
            <input
              className="submit_button"
              type="submit"
              value="Quote Rates"
            />
          </td>
        </tr>
      </tbody>
    </table>
  </form>
</div>
`;
