// Jest Snapshot v1, https://goo.gl/fbAQLP

exports[`renders correctly (matches snapshot) 1`] = `
<div
  className="PropertySearcherResultsList"
>
  
  <table
    cellSpacing="0"
  >
    <thead>
      <tr>
        <th>
          Lender
        </th>
        <th>
          Product
        </th>
        <th>
          Rate
        </th>
        <th>
          Closing Costs
        </th>
        <th>
          Monthly Payment
        </th>
        <th>
          APR
        </th>
      </tr>
    </thead>
    <tbody>
      <tr>
        <td
          className="lenderName"
        >
          TFB Federal Credit Union
        </td>
        <td
          className="loanType"
        >
          7/1 ARM
        </td>
        <td
          className="interestRate"
        >
          3.500
        </td>
        <td
          className="closingCosts"
        >
          2000
        </td>
        <td
          className="monthlyPayment"
        >
          449.04
        </td>
        <td
          className="apr"
        >
          3.660
        </td>
      </tr>
      <tr>
        <td
          className="lenderName"
        >
          Bates College Credit Union
        </td>
        <td
          className="loanType"
        >
          10/1 ARM
        </td>
        <td
          className="interestRate"
        >
          3.125
        </td>
        <td
          className="closingCosts"
        >
          2570
        </td>
        <td
          className="monthlyPayment"
        >
          4420.96
        </td>
        <td
          className="apr"
        >
          3.397
        </td>
      </tr>
    </tbody>
  </table>
</div>
`;
